Compiling lib\main.dart for the Web...                          
C:\src\flutter\bin\flutter
.bat : Wasm dry run 
findings:
At line:1 char:1
+ C:\src\flutter\bin\flutt
er.bat build web 
--release --no-pub > 
build_o ...
+ ~~~~~~~~~~~~~~~~~~~~~~~~
~~~~~~~~~~~~~~~~~~~~~~~~~~
~~~~~~~~~~~~~~~~~~~
    + CategoryInfo        
      : NotSpecified: (W  
  asm dry run findings:   
 :String) [], RemoteEx    
ception
    + FullyQualifiedError 
   Id : NativeCommandErr  
  or
 
Found incompatibilities 
with WebAssembly.

package:audioplayers_web/w
rapped_player.dart 2:1 - 
dart:html unsupported (0)
package:connectivity_plus/
src/web/dart_html_connecti
vity_plugin.dart 2:1 - 
dart:html unsupported (0)
package:audioplayers_web/w
eb_audio_js.dart 1:1 - 
dart:html unsupported (0)
package:audioplayers_web/w
eb_audio_js.dart 3:1 - 
package:js/js.dart 
unsupported (14)
package:printing/src/metho
d_channel_ffi.dart 17:1 - 
'dart:ffi' can't be 
imported when compiling 
to Wasm. (2)
package:ffi/src/allocation
.dart 5:1 - 'dart:ffi' 
can't be imported when 
compiling to Wasm. (2)
package:ffi/src/arena.dart
 8:1 - 'dart:ffi' can't 
be imported when 
compiling to Wasm. (2)
package:ffi/src/utf16.dart
 5:1 - 'dart:ffi' can't 
be imported when 
compiling to Wasm. (2)
package:ffi/src/utf8.dart 
6:1 - 'dart:ffi' can't be 
imported when compiling 
to Wasm. (2)

Consider addressing these 
issues to enable wasm 
builds. See docs for more 
info: https://docs.flutter
.dev/platform-integration/
web/wasm

Use --no-wasm-dry-run to 
disable these warnings.
Target dart2js failed: 
ProcessException: Process 
exited abnormally with 
exit code 1:
../../../../AppData/Local/
Pub/Cache/hosted/pub.dev/r
ecord_web-1.1.9/lib/record
_web.dart:32:16:
Error: The method 'RecordP
luginWebWrapper.hasPermiss
ion' has fewer named 
arguments than those of 
overridden method 'RecordM
ethodChannelPlatformInterf
ace.hasPermission'.
  Future<bool> 
hasPermission(String 
recorderId) {
               ^
../../../../AppData/Local/
Pub/Cache/hosted/pub.dev/r
ecord_platform_interface-1
.5.0/lib/src/record_platfo
rm_interface.dart:74:16:
Info: This is the 
overridden method 
('hasPermission').
  Future<bool> 
hasPermission(String 
recorderId, {bool request 
= true});
               ^
lib/screens/export_screen.
dart:45:124:
Error: Not a constant 
expression.
                    if 
(msg.mediaUrl != null) 
pw.Text("[Media 
Attachment]", style: 
const 
pw.TextStyle(fontSize: 
10, color: 
PdfColors.blue)),
                          
                          
                          
            ^^^^^^^^^
Error: Compilation failed.
  Command: C:\src\flutter\
bin\cache\dart-sdk\bin\dar
t.exe compile js --platfor
m-binaries=C:\src\flutter\
bin\cache\flutter_web_sdk\
kernel 
--invoker=flutter_tool 
-Ddart.vm.product=true 
-DFLUTTER_VERSION=3.41.6 
-DFLUTTER_CHANNEL=stable -
DFLUTTER_GIT_URL=https://g
ithub.com/flutter/flutter.
git -DFLUTTER_FRAMEWORK_RE
VISION=db50e20168 -DFLUTTE
R_ENGINE_REVISION=425cfb54
d0 -DFLUTTER_DART_VERSION=
3.11.4 -DFLUTTER_WEB_USE_S
KIA=true -DFLUTTER_WEB_USE
_SKWASM=false -DFLUTTER_WE
B_CANVASKIT_URL=https://ww
w.gstatic.com/flutter-canv
askit/425cfb54d01a9472b3e8
1d9e76fd63a4a44cfbcb/ 
--native-null-assertions 
--no-source-maps -O4 
--minify -o C:\Users\amrid
\OneDrive\Desktop\forDEAR\
private_chat_app\.dart_too
l\flutter_build\ad8d67acac
30b317afd18110d0443653\app
.dill --packages=C:\Users\
amrid\OneDrive\Desktop\for
DEAR\private_chat_app\.dar
t_tool\package_config.json
 --cfe-only C:\Users\amrid
\OneDrive\Desktop\forDEAR\
private_chat_app\.dart_too
l\flutter_build\ad8d67acac
30b317afd18110d0443653\mai
n.dart
#0      
RunResult.throwException (
package:flutter_tools/src/
base/process.dart:153:5)
#1      
_DefaultProcessUtils.run (
package:flutter_tools/src/
base/process.dart:379:19)
<asynchronous suspension>
#2      
Dart2JSTarget.build (packa
ge:flutter_tools/src/build
_system/targets/web.dart:2
08:5)
<asynchronous suspension>
#3      _BuildInstance._in
vokeInternal (package:flut
ter_tools/src/build_system
/build_system.dart:937:9)
<asynchronous suspension>
#4      
Future.wait.<anonymous 
closure> (dart:async/futur
e.dart:546:21)
<asynchronous suspension>
#5      _BuildInstance.inv
okeTarget (package:flutter
_tools/src/build_system/bu
ild_system.dart:875:32)
<asynchronous suspension>
#6      
Future.wait.<anonymous 
closure> (dart:async/futur
e.dart:546:21)
<asynchronous suspension>
#7      _BuildInstance.inv
okeTarget (package:flutter
_tools/src/build_system/bu
ild_system.dart:875:32)
<asynchronous suspension>
#8      
FlutterBuildSystem.build (
package:flutter_tools/src/
build_system/build_system.
dart:684:16)
<asynchronous suspension>
#9      
WebBuilder.buildWeb (packa
ge:flutter_tools/src/web/c
ompile.dart:107:34)
<asynchronous suspension>
#10     BuildWebCommand.ru
nCommand (package:flutter_
tools/src/commands/build_w
eb.dart:300:5)
<asynchronous suspension>
#11     FlutterCommand.run
.<anonymous closure> (pack
age:flutter_tools/src/runn
er/flutter_command.dart:15
90:27)
<asynchronous suspension>
#12     
AppContext.run.<anonymous 
closure> (package:flutter_
tools/src/base/context.dar
t:154:19)
<asynchronous suspension>
#13     
CommandRunner.runCommand (
package:args/command_runne
r.dart:212:13)
<asynchronous suspension>
#14     FlutterCommandRunn
er.runCommand.<anonymous 
closure> (package:flutter_
tools/src/runner/flutter_c
ommand_runner.dart:496:9)
<asynchronous suspension>
#15     
AppContext.run.<anonymous 
closure> (package:flutter_
tools/src/base/context.dar
t:154:19)
<asynchronous suspension>
#16     FlutterCommandRunn
er.runCommand (package:flu
tter_tools/src/runner/flut
ter_command_runner.dart:43
1:5)
<asynchronous suspension>
#17     FlutterCommandRunn
er.run.<anonymous 
closure> (package:flutter_
tools/src/runner/flutter_c
ommand_runner.dart:307:33)
<asynchronous suspension>
#18     run.<anonymous 
closure>.<anonymous 
closure> (package:flutter_
tools/runner.dart:104:11)
<asynchronous suspension>
#19     
AppContext.run.<anonymous 
closure> (package:flutter_
tools/src/base/context.dar
t:154:19)
<asynchronous suspension>
#20     main (package:flut
ter_tools/executable.dart:
103:3)
<asynchronous suspension>

Compiling lib\main.dart for the Web...                             62.7s
Error: Failed to compile 
application for the Web.
